// Jest Snapshot v1, https://goo.gl/fbAQLP

exports[`ImFeelingLucky Component Button renders correctly 1`] = `
<View>
  <Text>
    ImFeelingLucky
  </Text>
</View>
`;
